exercise5.c:24:6:init_exercise5	8	static
exercise5.c:34:6:led_green_1_off	8	static
exercise5.c:37:6:led_green_1_on	8	static
exercise5.c:40:6:led_yellow_1_off	8	static
exercise5.c:43:6:led_yellow_1_on	8	static
exercise5.c:46:6:led_red_1_off	8	static
exercise5.c:49:6:led_red_1_on	8	static
exercise5.c:53:6:led_green_2_off	8	static
exercise5.c:56:6:led_green_2_on	8	static
exercise5.c:59:6:led_yellow_2_off	8	static
exercise5.c:62:6:led_yellow_2_on	8	static
exercise5.c:65:6:led_red_2_off	8	static
exercise5.c:68:6:led_red_2_on	8	static
exercise5.c:71:6:LEDA	16	static
exercise5.c:132:6:LEDB	16	static
exercise5.c:193:6:exercise5_run	8	static
